../Core/Src/main.c:100:5:main	8	static
../Core/Src/main.c:159:6:SystemClock_Config	88	static
../Core/Src/main.c:217:13:MX_ETH_Init	8	static
../Core/Src/main.c:266:13:MX_TIM1_Init	40	static
../Core/Src/main.c:313:13:MX_TIM2_Init	40	static
../Core/Src/main.c:358:13:MX_USART3_UART_Init	8	static
../Core/Src/main.c:393:13:MX_USB_OTG_FS_PCD_Init	8	static
../Core/Src/main.c:428:13:MX_GPIO_Init	56	static
../Core/Src/main.c:491:8:displayNumber_time	40	static
../Core/Src/main.c:514:6:Error_Handler	4	static,ignoring_inline_asm
